
> react-typescript-starter@0.1.0 test
> react-scripts test "--coverage"

PASS src/arrays.test.ts
  ● Console

    console.log
      []

      at allRGB (src/arrays.ts:92:13)

    console.log
      []

      at allRGB (src/arrays.ts:92:13)

    console.log
      []

      at allRGB (src/arrays.ts:92:13)

    console.log
      [ 'purple', 'orange', 'violet' ]

      at allRGB (src/arrays.ts:92:13)

    console.log
      [ 'yellow' ]

      at allRGB (src/arrays.ts:92:13)

    console.log
      []

      at allRGB (src/arrays.ts:92:13)

    console.log
      []

      at allRGB (src/arrays.ts:92:13)

    console.log
      [ 'kabluey' ]

      at allRGB (src/arrays.ts:92:13)

    console.log
      []

      at allRGB (src/arrays.ts:92:13)

PASS src/HtmlCss.test.tsx
PASS src/functions.test.ts
PASS src/text.test.tsx
PASS src/App.test.tsx
--------------|---------|----------|---------|---------|-------------------
File          | % Stmts | % Branch | % Funcs | % Lines | Uncovered Line #s 
--------------|---------|----------|---------|---------|-------------------
All files     |     100 |      100 |     100 |     100 |                   
 App.tsx      |     100 |      100 |     100 |     100 |                   
 arrays.ts    |     100 |      100 |     100 |     100 |                   
 functions.ts |     100 |      100 |     100 |     100 |                   
--------------|---------|----------|---------|---------|-------------------

Test Suites: 5 passed, 5 total
Tests:       23 passed, 23 total
Snapshots:   0 total
Time:        3.932 s
Ran all test suites.
